
> my-v0-project@0.1.0 build C:\Users\Victo\Desktop\AI-prompt
> next build

 ⚠ `eslint` configuration in next.config.mjs is no longer supported. See more info here: https://nextjs.org/docs/app/api-reference/cli/next#next-lint-options
 ⚠ Invalid next.config.mjs options detected: 
 ⚠     Unrecognized key(s) in object: 'eslint'
 ⚠ See more info here: https://nextjs.org/docs/messages/invalid-next-config
 ⚠ Warning: Next.js inferred your workspace root, but it may not be correct.
 We detected multiple lockfiles and selected the directory of C:\Users\Victo\package-lock.json as the root directory.
 To silence this warning, set `turbopack.root` in your Next.js config, or consider removing one of the lockfiles if it's not needed.
   See https://nextjs.org/docs/app/api-reference/config/next-config-js/turbopack#root-directory for more information.
 Detected additional lockfiles: 
   * C:\Users\Victo\Desktop\AI-prompt\pnpm-lock.yaml
   * C:\Users\Victo\Desktop\package-lock.json

   ▲ Next.js 16.0.10 (Turbopack)
   - Environments: .env

   Creating an optimized production build ...
(node:19168) ExperimentalWarning: Type Stripping is an experimental feature and might change at any time
(Use `node --trace-warnings ...` to show where the warning was created)
 ✓ Compiled successfully in 36.5s
   Skipping validation of types
   Collecting page data using 3 workers ...
 ⚠ Using edge runtime on a page currently disables static generation for that page
   Generating static pages using 3 workers (0/34) ...
   Generating static pages using 3 workers (8/34) 
   Generating static pages using 3 workers (16/34) 
   Generating static pages using 3 workers (25/34) 
Attempting to connect to MongoDB...
MongoDB connected successfully
 ✓ Generating static pages using 3 workers (34/34) in 10.9s
   Finalizing page optimization ...

Route (app)
┌ ○ /
├ ○ /_not-found
├ ○ /add-prompt
├ ƒ /api/agents/stats
├ ƒ /api/auth/login
├ ƒ /api/auth/me
├ ƒ /api/auth/register
├ ƒ /api/badges
├ ƒ /api/badges/leaderboard
├ ƒ /api/badges/leaderboard/stats
├ ƒ /api/badges/leaderboard/user/[id]
├ ƒ /api/badges/user/[id]
├ ƒ /api/comments
├ ƒ /api/comments/[id]
├ ƒ /api/comments/[id]/like
├ ƒ /api/comments/[id]/replies
├ ƒ /api/og
├ ƒ /api/og/default
├ ƒ /api/prompts
├ ƒ /api/prompts/[id]
├ ƒ /api/prompts/[id]/rate
├ ƒ /api/prompts/create
├ ƒ /api/prompts/filters/dev-metadata
├ ƒ /api/prompts/slug/[slug]
├ ƒ /api/user/[id]/followers
├ ƒ /api/user/[id]/following
├ ƒ /api/user/[id]/prompts
├ ƒ /api/user/comments/activity
├ ƒ /api/user/follow
├ ƒ /api/user/like-prompt
├ ƒ /api/user/liked-prompts
├ ƒ /api/user/profile/[id]
├ ƒ /api/user/prompts
├ ƒ /api/user/save-prompt
├ ƒ /api/user/saved-prompts
├ ƒ /api/user/unfollow
├ ƒ /api/user/update-profile
├ ○ /chat
├ ƒ /edit-prompt/[id]
├ ○ /explore
├ ○ /leaderboard
├ ○ /login
├ ○ /profile
├ ƒ /prompt/[slug]
├ ○ /register
├ ○ /robots.txt
├ ○ /saved
├ ○ /sitemap.xml
├ ○ /test-og
└ ƒ /user/[id]


○  (Static)   prerendered as static content
ƒ  (Dynamic)  server-rendered on demand

